// Jest Snapshot v1, https://goo.gl/fbAQLP

exports[`shallow renders without crashing 1`] = `
<div
  className="Todos"
>
  <Memo(ConnectFunction) />
  <Memo(ConnectFunction) />
  <hr />
  <Clock />
</div>
`;
