// Jest Snapshot v1, https://goo.gl/fbAQLP

exports[`renders without crashing 1`] = `
<div
  className="TodoItem"
>
  <span>
    Acheter du pain
  </span>
  <button
    onClick={[Function]}
  >
    -
  </button>
</div>
`;
